[    0.000000] Linux version 4.15.0-101-generic (buildd@lgw01-amd64-003) (gcc version 7.5.0 (Ubuntu 7.5.0-3ubuntu1~18.04)) #102-Ubuntu SMP Mon May 11 10:07:26 UTC 2020 (Ubuntu 4.15.0-101.102-generic 4.15.18)
[    0.000000] Command line: BOOT_IMAGE=/boot/vmlinuz-4.15.0-101-generic root=UUID=8de716dd-d9b2-477f-b818-bb0b1eb036ce ro console=tty1 console=ttyS0
[    0.000000] KERNEL supported cpus:
[    0.000000]   Intel GenuineIntel
[    0.000000]   AMD AuthenticAMD
[    0.000000]   Centaur CentaurHauls
[    0.000000] x86/fpu: Supporting XSAVE feature 0x001: 'x87 floating point registers'
[    0.000000] x86/fpu: Supporting XSAVE feature 0x002: 'SSE registers'
[    0.000000] x86/fpu: Supporting XSAVE feature 0x004: 'AVX registers'
[    0.000000] x86/fpu: xstate_offset[2]:  576, xstate_sizes[2]:  256
[    0.000000] x86/fpu: Enabled xstate features 0x7, context size is 832 bytes, using 'standard' format.
[    0.000000] e820: BIOS-provided physical RAM map:
[    0.000000] BIOS-e820: [mem 0x0000000000000000-0x000000000009fbff] usable
[    0.000000] BIOS-e820: [mem 0x000000000009fc00-0x000000000009ffff] reserved
[    0.000000] BIOS-e820: [mem 0x00000000000f0000-0x00000000000fffff] reserved
[    0.000000] BIOS-e820: [mem 0x0000000000100000-0x000000003ffeffff] usable
[    0.000000] BIOS-e820: [mem 0x000000003fff0000-0x000000003fffffff] ACPI data
[    0.000000] BIOS-e820: [mem 0x00000000fec00000-0x00000000fec00fff] reserved
[    0.000000] BIOS-e820: [mem 0x00000000fee00000-0x00000000fee00fff] reserved
[    0.000000] BIOS-e820: [mem 0x00000000fffc0000-0x00000000ffffffff] reserved
[    0.000000] NX (Execute Disable) protection: active
[    0.000000] SMBIOS 2.5 present.
[    0.000000] DMI: innotek GmbH VirtualBox/VirtualBox, BIOS VirtualBox 12/01/2006
[    0.000000] Hypervisor detected: KVM
[    0.000000] e820: last_pfn = 0x3fff0 max_arch_pfn = 0x400000000
[    0.000000] MTRR: Disabled
[    0.000000] x86/PAT: MTRRs disabled, skipping PAT initialization too.
[    0.000000] CPU MTRRs all blank - virtualized system.
[    0.000000] x86/PAT: Configuration [0-7]: WB  WT  UC- UC  WB  WT  UC- UC  
[    0.000000] found SMP MP-table at [mem 0x0009fff0-0x0009ffff]
[    0.000000] Scanning 1 areas for low memory corruption
[    0.000000] RAMDISK: [mem 0x3595f000-0x36ca6fff]
[    0.000000] ACPI: Early table checksum verification disabled
[    0.000000] ACPI: RSDP 0x00000000000E0000 000024 (v02 VBOX  )
[    0.000000] ACPI: XSDT 0x000000003FFF0030 00003C (v01 VBOX   VBOXXSDT 00000001 ASL  00000061)
[    0.000000] ACPI: FACP 0x000000003FFF00F0 0000F4 (v04 VBOX   VBOXFACP 00000001 ASL  00000061)
[    0.000000] ACPI: DSDT 0x000000003FFF0470 0021FF (v02 VBOX   VBOXBIOS 00000002 INTL 20100528)
[    0.000000] ACPI: FACS 0x000000003FFF0200 000040
[    0.000000] ACPI: FACS 0x000000003FFF0200 000040
[    0.000000] ACPI: APIC 0x000000003FFF0240 000054 (v02 VBOX   VBOXAPIC 00000001 ASL  00000061)
[    0.000000] ACPI: SSDT 0x000000003FFF02A0 0001CC (v01 VBOX   VBOXCPUT 00000002 INTL 20100528)
[    0.000000] No NUMA configuration found
[    0.000000] Faking a node at [mem 0x0000000000000000-0x000000003ffeffff]
[    0.000000] NODE_DATA(0) allocated [mem 0x3ffc5000-0x3ffeffff]
[    0.000000] kvm-clock: cpu 0, msr 0:3ff44001, primary cpu clock
[    0.000000] kvm-clock: Using msrs 4b564d01 and 4b564d00
[    0.000000] kvm-clock: using sched offset of 3688878725 cycles
[    0.000000] clocksource: kvm-clock: mask: 0xffffffffffffffff max_cycles: 0x1cd42e4dffb, max_idle_ns: 881590591483 ns
[    0.000000] Zone ranges:
[    0.000000]   DMA      [mem 0x0000000000001000-0x0000000000ffffff]
[    0.000000]   DMA32    [mem 0x0000000001000000-0x000000003ffeffff]
[    0.000000]   Normal   empty
[    0.000000]   Device   empty
[    0.000000] Movable zone start for each node
[    0.000000] Early memory node ranges
[    0.000000]   node   0: [mem 0x0000000000001000-0x000000000009efff]
[    0.000000]   node   0: [mem 0x0000000000100000-0x000000003ffeffff]
[    0.000000] Reserved but unavailable: 98 pages
[    0.000000] Initmem setup node 0 [mem 0x0000000000001000-0x000000003ffeffff]
[    0.000000] ACPI: PM-Timer IO Port: 0x4008
[    0.000000] IOAPIC[0]: apic_id 1, version 32, address 0xfec00000, GSI 0-23
[    0.000000] ACPI: INT_SRC_OVR (bus 0 bus_irq 0 global_irq 2 dfl dfl)
[    0.000000] ACPI: INT_SRC_OVR (bus 0 bus_irq 9 global_irq 9 low level)
[    0.000000] Using ACPI (MADT) for SMP configuration information
[    0.000000] smpboot: Allowing 1 CPUs, 0 hotplug CPUs
[    0.000000] PM: Registered nosave memory: [mem 0x00000000-0x00000fff]
[    0.000000] PM: Registered nosave memory: [mem 0x0009f000-0x0009ffff]
[    0.000000] PM: Registered nosave memory: [mem 0x000a0000-0x000effff]
[    0.000000] PM: Registered nosave memory: [mem 0x000f0000-0x000fffff]
[    0.000000] e820: [mem 0x40000000-0xfebfffff] available for PCI devices
[    0.000000] Booting paravirtualized kernel on KVM
[    0.000000] clocksource: refined-jiffies: mask: 0xffffffff max_cycles: 0xffffffff, max_idle_ns: 7645519600211568 ns
[    0.000000] random: get_random_bytes called from start_kernel+0x99/0x4fd with crng_init=0
[    0.000000] setup_percpu: NR_CPUS:8192 nr_cpumask_bits:1 nr_cpu_ids:1 nr_node_ids:1
[    0.000000] percpu: Embedded 45 pages/cpu s147456 r8192 d28672 u2097152
[    0.000000] PV qspinlock hash table entries: 256 (order: 0, 4096 bytes)
[    0.000000] Built 1 zonelists, mobility grouping on.  Total pages: 257913
[    0.000000] Policy zone: DMA32
[    0.000000] Kernel command line: BOOT_IMAGE=/boot/vmlinuz-4.15.0-101-generic root=UUID=8de716dd-d9b2-477f-b818-bb0b1eb036ce ro console=tty1 console=ttyS0
[    0.000000] Memory: 982704K/1048120K available (12300K kernel code, 2481K rwdata, 4268K rodata, 2432K init, 2712K bss, 65416K reserved, 0K cma-reserved)
[    0.000000] SLUB: HWalign=64, Order=0-3, MinObjects=0, CPUs=1, Nodes=1
[    0.000000] ftrace: allocating 39364 entries in 154 pages
[    0.004000] Hierarchical RCU implementation.
[    0.004000] 	RCU restricting CPUs from NR_CPUS=8192 to nr_cpu_ids=1.
[    0.004000] 	Tasks RCU enabled.
[    0.004000] RCU: Adjusting geometry for rcu_fanout_leaf=16, nr_cpu_ids=1
[    0.004000] NR_IRQS: 524544, nr_irqs: 256, preallocated irqs: 16
[    0.004000] Console: colour VGA+ 80x25
[    0.004000] console [tty1] enabled
[    0.004000] console [ttyS0] enabled
[    0.004000] ACPI: Core revision 20170831
[    0.004000] ACPI: 2 ACPI AML tables successfully acquired and loaded
[    0.004000] APIC: Switch to symmetric I/O mode setup
[    0.004190] x2apic enabled
[    0.004622] Switched APIC routing to physical x2apic.
[    0.008709] ..TIMER: vector=0x30 apic1=0 pin1=2 apic2=-1 pin2=-1
[    0.012001] tsc: Detected 3792.880 MHz processor
[    0.016007] Calibrating delay loop (skipped) preset value.. 7585.76 BogoMIPS (lpj=15171520)
[    0.020002] pid_max: default: 32768 minimum: 301
[    0.024038] Security Framework initialized
[    0.028002] Yama: becoming mindful.
[    0.032026] AppArmor: AppArmor initialized
[    0.039752] Dentry cache hash table entries: 131072 (order: 8, 1048576 bytes)
[    0.040051] Inode-cache hash table entries: 65536 (order: 7, 524288 bytes)
[    0.044035] Mount-cache hash table entries: 2048 (order: 2, 16384 bytes)
[    0.048016] Mountpoint-cache hash table entries: 2048 (order: 2, 16384 bytes)
[    0.052216] Last level iTLB entries: 4KB 1024, 2MB 1024, 4MB 512
[    0.056008] Last level dTLB entries: 4KB 2048, 2MB 2048, 4MB 1024, 1GB 0
[    0.060008] Spectre V1 : Mitigation: usercopy/swapgs barriers and __user pointer sanitization
[    0.064006] Spectre V2 : Spectre mitigation: LFENCE not serializing, switching to generic retpoline
[    0.068007] Spectre V2 : Mitigation: Full generic retpoline
[    0.072005] Spectre V2 : Spectre v2 / SpectreRSB mitigation: Filling RSB on context switch
[    0.076003] Speculative Store Bypass: Mitigation: Speculative Store Bypass disabled via prctl and seccomp
[    0.085937] Freeing SMP alternatives memory: 36K
[    0.202570] smpboot: CPU0: AMD Ryzen 9 3900X 12-Core Processor (family: 0x17, model: 0x71, stepping: 0x0)
[    0.204087] Performance Events: PMU not available due to virtualization, using software events only.
[    0.208071] Hierarchical SRCU implementation.
[    0.212533] NMI watchdog: Perf event create on CPU 0 failed with -2
[    0.216009] NMI watchdog: Perf NMI watchdog permanently disabled
[    0.220061] smp: Bringing up secondary CPUs ...
[    0.220489] smp: Brought up 1 node, 1 CPU
[    0.220875] smpboot: Max logical packages: 1
[    0.221285] smpboot: Total of 1 processors activated (7585.76 BogoMIPS)
[    0.224154] devtmpfs: initialized
[    0.224533] x86/mm: Memory block size: 128MB
[    0.225041] evm: security.selinux
[    0.228015] evm: security.SMACK64
[    0.232012] evm: security.SMACK64EXEC
[    0.236013] evm: security.SMACK64TRANSMUTE
[    0.240011] evm: security.SMACK64MMAP
[    0.244013] evm: security.apparmor
[    0.248012] evm: security.ima
[    0.252010] evm: security.capability
[    0.256176] clocksource: jiffies: mask: 0xffffffff max_cycles: 0xffffffff, max_idle_ns: 7645041785100000 ns
[    0.260029] futex hash table entries: 256 (order: 2, 16384 bytes)
[    0.264086] pinctrl core: initialized pinctrl subsystem
[    0.268108] RTC time: 17:24:45, date: 06/06/20
[    0.268629] NET: Registered protocol family 16
[    0.272059] audit: initializing netlink subsys (disabled)
[    0.276183] cpuidle: using governor ladder
[    0.280021] audit: type=2000 audit(1591464284.442:1): state=initialized audit_enabled=0 res=1
[    0.284029] cpuidle: using governor menu
[    0.288268] ACPI: bus type PCI registered
[    0.292015] acpiphp: ACPI Hot Plug PCI Controller Driver version: 0.5
[    0.296117] PCI: Using configuration type 1 for base access
[    0.300009] PCI: Using configuration type 1 for extended access
[    0.304738] HugeTLB registered 2.00 MiB page size, pre-allocated 0 pages
[    0.312200] ACPI: Added _OSI(Module Device)
[    0.316021] ACPI: Added _OSI(Processor Device)
[    0.320016] ACPI: Added _OSI(3.0 _SCP Extensions)
[    0.324009] ACPI: Added _OSI(Processor Aggregator Device)
[    0.328053] ACPI: Added _OSI(Linux-Dell-Video)
[    0.332012] ACPI: Added _OSI(Linux-Lenovo-NV-HDMI-Audio)
[    0.336011] ACPI: Added _OSI(Linux-HPI-Hybrid-Graphics)
[    0.344009] ACPI: Executed 1 blocks of module-level executable AML code
[    0.353815] ACPI: Interpreter enabled
[    0.356041] ACPI: (supports S0 S5)
[    0.360010] ACPI: Using IOAPIC for interrupt routing
[    0.364208] PCI: Using host bridge windows from ACPI; if necessary, use "pci=nocrs" and report a bug
[    0.368146] ACPI: Enabled 2 GPEs in block 00 to 07
[    0.375458] ACPI: PCI Root Bridge [PCI0] (domain 0000 [bus 00-ff])
[    0.376022] acpi PNP0A03:00: _OSC: OS supports [ExtendedConfig ASPM ClockPM Segments MSI]
[    0.380068] acpi PNP0A03:00: _OSC: OS now controls [PCIeHotplug PME AER PCIeCapability]
[    0.384264] PCI host bridge to bus 0000:00
[    0.388004] pci_bus 0000:00: root bus resource [io  0x0000-0x0cf7 window]
[    0.392007] pci_bus 0000:00: root bus resource [io  0x0d00-0xffff window]
[    0.396010] pci_bus 0000:00: root bus resource [mem 0x000a0000-0x000bffff window]
[    0.400015] pci_bus 0000:00: root bus resource [mem 0x40000000-0xfdffffff window]
[    0.404011] pci_bus 0000:00: root bus resource [bus 00-ff]
[    0.409262] pci 0000:00:01.1: legacy IDE quirk: reg 0x10: [io  0x01f0-0x01f7]
[    0.412002] pci 0000:00:01.1: legacy IDE quirk: reg 0x14: [io  0x03f6]
[    0.412593] pci 0000:00:01.1: legacy IDE quirk: reg 0x18: [io  0x0170-0x0177]
[    0.413231] pci 0000:00:01.1: legacy IDE quirk: reg 0x1c: [io  0x0376]
[    0.420707] pci 0000:00:07.0: quirk: [io  0x4000-0x403f] claimed by PIIX4 ACPI
[    0.424018] pci 0000:00:07.0: quirk: [io  0x4100-0x410f] claimed by PIIX4 SMB
[    0.432015] ACPI: PCI Interrupt Link [LNKA] (IRQs 5 9 10 *11)
[    0.436238] ACPI: PCI Interrupt Link [LNKB] (IRQs 5 9 *10 11)
[    0.440104] ACPI: PCI Interrupt Link [LNKC] (IRQs 5 *9 10 11)
[    0.444105] ACPI: PCI Interrupt Link [LNKD] (IRQs 5 9 10 *11)
[    0.448245] SCSI subsystem initialized
[    0.452114] pci 0000:00:02.0: vgaarb: setting as boot VGA device
[    0.456000] pci 0000:00:02.0: vgaarb: VGA device added: decodes=io+mem,owns=io+mem,locks=none
[    0.456011] pci 0000:00:02.0: vgaarb: bridge control possible
[    0.460007] vgaarb: loaded
[    0.464056] ACPI: bus type USB registered
[    0.468026] usbcore: registered new interface driver usbfs
[    0.472036] usbcore: registered new interface driver hub
[    0.476035] usbcore: registered new device driver usb
[    0.480081] EDAC MC: Ver: 3.0.0
[    0.484201] PCI: Using ACPI for IRQ routing
[    0.488225] NetLabel: Initializing
[    0.492007] NetLabel:  domain hash size = 128
[    0.496005] NetLabel:  protocols = UNLABELED CIPSOv4 CALIPSO
[    0.500032] NetLabel:  unlabeled traffic allowed by default
[    0.504141] clocksource: Switched to clocksource kvm-clock
[    0.537103] VFS: Disk quotas dquot_6.6.0
[    0.600410] VFS: Dquot-cache hash table entries: 512 (order 0, 4096 bytes)
[    0.671995] AppArmor: AppArmor Filesystem Enabled
[    0.705886] pnp: PnP ACPI init
[    0.741454] pnp: PnP ACPI: found 3 devices
[    0.778438] clocksource: acpi_pm: mask: 0xffffff max_cycles: 0xffffff, max_idle_ns: 2085701024 ns
[    0.861125] NET: Registered protocol family 2
[    0.914546] TCP established hash table entries: 8192 (order: 4, 65536 bytes)
[    0.978984] TCP bind hash table entries: 8192 (order: 5, 131072 bytes)
[    1.027500] TCP: Hash tables configured (established 8192 bind 8192)
[    1.087976] UDP hash table entries: 512 (order: 2, 16384 bytes)
[    1.134006] UDP-Lite hash table entries: 512 (order: 2, 16384 bytes)
[    1.134607] NET: Registered protocol family 1
[    1.135028] pci 0000:00:00.0: Limiting direct PCI/PCI transfers
[    1.135576] pci 0000:00:01.0: Activating ISA DMA hang workarounds
[    1.136167] pci 0000:00:02.0: Video device with shadowed ROM at [mem 0x000c0000-0x000dffff]
[    1.202638] Unpacking initramfs...
[    1.505838] Freeing initrd memory: 19744K
[    1.560107] clocksource: tsc: mask: 0xffffffffffffffff max_cycles: 0x6d58273f81c, max_idle_ns: 881591146675 ns
[    1.618167] platform rtc_cmos: registered platform RTC device (no PNP device found)
[    1.713641] Scanning for low memory corruption every 60 seconds
[    1.779946] Initialise system trusted keyrings
[    1.848135] Key type blacklist registered
[    1.910610] workingset: timestamp_bits=36 max_order=18 bucket_order=0
[    2.009789] zbud: loaded
[    2.020023] squashfs: version 4.0 (2009/01/31) Phillip Lougher
[    2.051768] fuse init (API version 7.26)
[    2.095652] Key type asymmetric registered
[    2.142690] Asymmetric key parser 'x509' registered
[    2.143183] Block layer SCSI generic (bsg) driver version 0.4 loaded (major 246)
[    2.196284] io scheduler noop registered
[    2.196663] io scheduler deadline registered
[    2.241198] io scheduler cfq registered (default)
[    2.281338] ACPI: AC Adapter [AC] (on-line)
[    2.299700] input: Power Button as /devices/LNXSYSTM:00/LNXPWRBN:00/input/input0
[    2.383383] ACPI: Power Button [PWRF]
[    2.394889] input: Sleep Button as /devices/LNXSYSTM:00/LNXSLPBN:00/input/input1
[    2.395579] ACPI: Sleep Button [SLPF]
[    2.396131] Serial: 8250/16550 driver, 32 ports, IRQ sharing enabled
[    2.493924] 00:02: ttyS0 at I/O 0x3f8 (irq = 4, base_baud = 115200) is a 16550A
[    2.546893] Linux agpgart interface v0.103
[    2.589841] loop: module loaded
[    2.607459] scsi host0: ata_piix
[    2.643242] scsi host1: ata_piix
[    2.666700] ata1: PATA max UDMA/33 cmd 0x1f0 ctl 0x3f6 bmdma 0xd000 irq 14
[    2.748789] ata2: PATA max UDMA/33 cmd 0x170 ctl 0x376 bmdma 0xd008 irq 15
[    2.875326] libphy: Fixed MDIO Bus: probed
[    2.982806] tun: Universal TUN/TAP device driver, 1.6
[    3.051560] PPP generic driver version 2.4.2
[    3.114385] ehci_hcd: USB 2.0 'Enhanced' Host Controller (EHCI) Driver
[    3.139931] ehci-pci: EHCI PCI platform driver
[    3.211436] ehci-platform: EHCI generic platform driver
[    3.315619] ohci_hcd: USB 1.1 'Open' Host Controller (OHCI) Driver
[    3.441518] ohci-pci: OHCI PCI platform driver
[    3.555099] ohci-platform: OHCI generic platform driver
[    3.657974] uhci_hcd: USB Universal Host Controller Interface driver
[    3.779291] i8042: PNP: PS/2 Controller [PNP0303:PS2K,PNP0f03:PS2M] at 0x60,0x64 irq 1,12
[    3.810401] serio: i8042 KBD port at 0x60,0x64 irq 1
[    3.874999] serio: i8042 AUX port at 0x60,0x64 irq 12
[    3.923527] mousedev: PS/2 mouse device common for all mice
[    3.989237] input: AT Translated Set 2 keyboard as /devices/platform/i8042/serio0/input/input2
[    4.114952] rtc_cmos rtc_cmos: rtc core: registered rtc_cmos as rtc0
[    4.204583] rtc_cmos rtc_cmos: alarms up to one day, 114 bytes nvram
[    4.300224] i2c /dev entries driver
[    4.344553] device-mapper: uevent: version 1.0.3
[    4.424109] device-mapper: ioctl: 4.37.0-ioctl (2017-09-20) initialised: dm-devel@redhat.com
[    4.496633] ledtrig-cpu: registered to indicate activity on CPUs
[    4.597353] NET: Registered protocol family 10
[    4.702846] Segment Routing with IPv6
[    4.792165] NET: Registered protocol family 17
[    4.845170] Key type dns_resolver registered
[    4.893749] mce: Using 0 MCE banks
[    4.934602] RAS: Correctable Errors collector initialized.
[    4.936448] sched_clock: Marking stable (4936431230, 0)->(15165470655, -10229039425)
[    5.035310] registered taskstats version 1
[    5.091130] Loading compiled-in X.509 certificates
[    5.144352] Loaded X.509 cert 'Build time autogenerated kernel key: 81757e40860ca54b8a45e323b66799c03c91a344'
[    5.288352] zswap: loaded using pool lzo/zbud
[    5.350593] Key type big_key registered
[    5.402195] Key type trusted registered
[    5.462082] Key type encrypted registered
[    5.529263] AppArmor: AppArmor sha1 policy hashing enabled
[    5.601275] ima: No TPM chip found, activating TPM-bypass! (rc=-19)
[    5.681791] ima: Allocated hash algorithm: sha1
[    5.730265] evm: HMAC attrs: 0x1
[    5.761378]   Magic number: 8:627:440
[    5.802245] clockevents broadcast: hash matches
[    5.851813] rtc_cmos rtc_cmos: setting system clock to 2020-06-06 17:24:54 UTC (1591464294)
[    5.931493] BIOS EDD facility v0.16 2004-Jun-25, 0 devices found
[    5.958581] EDD information not available.
[    6.004228] Freeing unused kernel image memory: 2432K
[    6.064174] Write protecting the kernel read-only data: 20480k
[    6.115620] Freeing unused kernel image memory: 2008K
[    6.155604] Freeing unused kernel image memory: 1876K
[    6.161310] x86/mm: Checked W+X mappings: passed, no W+X pages found.
Loading, please wait...
starting version 237
[    6.305817] e1000: Intel(R) PRO/1000 Network Driver - version 7.3.21-k8-NAPI
[    6.364390] e1000: Copyright (c) 1999-2006 Intel Corporation.
[    6.418495] Fusion MPT base driver 3.04.20
[    6.445847] Copyright (c) 1999-2008 LSI Corporation
[    6.510043] AVX2 version of gcm_enc/dec engaged.
[    6.539387] AES CTR mode by8 optimization enabled
[    6.555364] Fusion MPT SPI Host driver 3.04.20
[    6.705987] input: ImExPS/2 Generic Explorer Mouse as /devices/platform/i8042/serio1/input/input4
[    7.006408] e1000 0000:00:03.0 eth0: (PCI:33MHz:32-bit) 02:bb:7d:e8:e9:23
[    7.087512] e1000 0000:00:03.0 eth0: Intel(R) PRO/1000 Network Connection
[    7.144588] mptbase: ioc0: Initiating bringup
[    7.276474] ioc0: LSI53C1030 A0: Capabilities={Initiator}
[    7.569083] scsi host2: ioc0: LSI53C1030 A0, FwRev=00000000h, Ports=1, MaxQ=256, IRQ=20
[    7.812176] scsi 2:0:0:0: Direct-Access     VBOX     HARDDISK         1.0  PQ: 0 ANSI: 5
[    7.827463] scsi target2:0:0: Beginning Domain Validation
[    7.880501] random: fast init done
[    7.934444] scsi target2:0:0: Domain Validation skipping write tests
[    7.961646] scsi target2:0:0: Ending Domain Validation
[    8.112707] scsi target2:0:0: asynchronous
[    8.174538] scsi 2:0:1:0: Direct-Access     VBOX     HARDDISK         1.0  PQ: 0 ANSI: 5
[    8.280079] scsi target2:0:1: Beginning Domain Validation
[    8.358714] scsi target2:0:1: Domain Validation skipping write tests
[    8.400241] scsi target2:0:1: Ending Domain Validation
[    8.402317] scsi target2:0:1: asynchronous
[    8.452238] random: systemd-udevd: uninitialized urandom read (16 bytes read)
[    8.517006] e1000 0000:00:08.0 eth1: (PCI:33MHz:32-bit) 08:00:27:f2:5b:4f
[    8.587269] e1000 0000:00:08.0 eth1: Intel(R) PRO/1000 Network Connection
[    8.659908] random: systemd-udevd: uninitialized urandom read (16 bytes read)
[    8.692331] random: systemd-udevd: uninitialized urandom read (16 bytes read)
[    8.761848] sd 2:0:0:0: Attached scsi generic sg0 type 0
[    8.826378] sd 2:0:0:0: [sda] 20971520 512-byte logical blocks: (10.7 GB/10.0 GiB)
[    8.915385] e1000 0000:00:03.0 enp0s3: renamed from eth0
[    8.980319] sd 2:0:1:0: Attached scsi generic sg1 type 0
[    9.046984] sd 2:0:1:0: [sdb] 20480 512-byte logical blocks: (10.5 MB/10.0 MiB)
[    9.096223] sd 2:0:0:0: [sda] Write Protect is off
[    9.136240] sd 2:0:1:0: [sdb] Write Protect is off
[    9.200287] e1000 0000:00:08.0 enp0s8: renamed from eth1
[    9.201395] sd 2:0:0:0: [sda] Incomplete mode parameter data
[    9.211859] sd 2:0:0:0: [sda] Assuming drive cache: write through
[    9.218980] sd 2:0:1:0: [sdb] Incomplete mode parameter data
[    9.219515] sd 2:0:1:0: [sdb] Assuming drive cache: write through
[    9.267057]  sda: sda1
[    9.275783] sd 2:0:0:0: [sda] Attached SCSI disk
[    9.283143] sd 2:0:1:0: [sdb] Attached SCSI disk
Begin: Loading essential drivers ... [   10.600451] raid6: sse2x1   gen()  9120 MB/s
[   10.704464] raid6: sse2x1   xor()  8730 MB/s
[   10.776480] raid6: sse2x2   gen() 17862 MB/s
[   10.860493] raid6: sse2x2   xor() 11869 MB/s
[   10.948010] raid6: sse2x4   gen() 18498 MB/s
[   11.040026] raid6: sse2x4   xor() 10333 MB/s
[   11.132041] raid6: avx2x1   gen() 20474 MB/s
[   11.220054] raid6: avx2x1   xor() 16811 MB/s
[   11.304069] raid6: avx2x2   gen() 36139 MB/s
[   11.380083] raid6: avx2x2   xor() 22298 MB/s
[   11.436092] raid6: avx2x4   gen() 37697 MB/s
[   11.512106] raid6: avx2x4   xor() 16116 MB/s
[   11.544749] raid6: using algorithm avx2x4 gen() 37697 MB/s
[   11.548271] raid6: .... xor() 16116 MB/s, rmw enabled
[   11.611759] raid6: using avx2x2 recovery algorithm
[   11.697506] xor: automatically using best checksumming function   avx       
[   11.802289] async_tx: api initialized (async)
done.
Begin: Running[   11.889919] Btrfs loaded, crc32c=crc32c-intel
 /scripts/init-premount ... done[   11.975918] EXT4-fs (sda1): INFO: recovery required on readonly filesystem
.
Begin: Mounti[   12.037986] EXT4-fs (sda1): write access will be enabled during recovery
ng root file system ... Begin: Running /scripts/local-top ... done.
Begin: Running /scripts/local-premount ... Scanning for Btrfs filesystems
done.
Warning: fsck not present, so skipping root file system
[   12.383444] random: crng init done
[   12.424395] random: 7 urandom warning(s) missed due to ratelimiting
[   12.472328] EXT4-fs (sda1): orphan cleanup on readonly fs
[   12.862856] EXT4-fs (sda1): 49 orphan inodes deleted
[   12.915043] EXT4-fs (sda1): recovery complete
[   12.928172] EXT4-fs (sda1): mounted filesystem with ordered data mode. Opts: (null)
done.
Begin: Running /scripts/local-bottom ... done.
Begin: Running /scripts/init-bottom ... done.
[   13.559360] ip_tables: (C) 2000-2006 Netfilter Core Team
[   13.653980] systemd[1]: systemd 237 running in system mode. (+PAM +AUDIT +SELINUX +IMA +APPARMOR +SMACK +SYSVINIT +UTMP +LIBCRYPTSETUP +GCRYPT +GNUTLS +ACL +XZ +LZ4 +SECCOMP +BLKID +ELFUTILS +KMOD -IDN2 +IDN -PCRE2 default-hierarchy=hybrid)
[   13.848599] systemd[1]: Detected virtualization oracle.
[   13.914179] systemd[1]: Detected architecture x86-64.

Welcome to [1mUbuntu 18.04.4 LTS[0m!

[   14.047763] systemd[1]: Set hostname to <audi>.
[   14.922348] systemd[1]: Created slice User and Session Slice.
[[0;32m  OK  [0m] Created slice User and Session Slice.
[   15.036272] systemd[1]: Reached target System Time Synchronized.
[[0;32m  OK  [0m] Reached target System Time Synchronized.
[   15.148277] systemd[1]: Reached target User and Group Name Lookups.
[[0;32m  OK  [0m] Reached target User and Group Name Lookups.
[   15.196145] systemd[1]: Started Forward Password Requests to Wall Directory Watch.
[[0;32m  OK  [0m] Started Forward Password Requests to Wall Directory Watch.
[   15.240327] systemd[1]: Reached target Swap.
[[0;32m  OK  [0m] Reached target Swap.
[   15.248294] systemd[1]: Set up automount Arbitrary Executable File Formats File System Automount Point.
[[0;32m  OK  [0m] Set up automount Arbitrary Executabâ€¦rmats File System Automount Point.
[[0;32m  OK  [0m] Created slice System Slice.
[[0;32m  OK  [0m] Listening on Device-mapper event daemon FIFOs.
[[0;32m  OK  [0m] Listening on LVM2 metadata daemon socket.
[[0;32m  OK  [0m] Listening on Syslog Socket.
[[0;32m  OK  [0m] Listening on Journal Audit Socket.
[[0;32m  OK  [0m] Listening on Journal Socket.
         Starting Uncomplicated firewall...
         Starting Monitoring of LVM2 mirrorsâ€¦ng dmeventd or progress polling...
         Starting Remount Root and Kernel File Systems...[   15.760867] EXT4-fs (sda1): re-mounted. Opts: (null)

         Starting Create list of required stâ€¦ce nodes for the current kernel...
         Mounting POSIX Message Queue File System...
         Starting Set the console keyboard layout...
[[0;32m  OK  [0m] Listening on udev Kernel Socket.
[[0;32m  OK  [0m] Listening on udev Control Socket.
         Starting udev Coldplug all Devices...
         Starting Load Kernel Modules...
[[0;32m  OK  [0[   16.085879] Loading iSCSI transport class v2.0-870.
m] Listening on LVM2 poll daemon socket.
[[0;32m  OK  [0[   16.160864] iscsi: registered transport (tcp)
m] Created slice system-serial\x2dgetty.slice.
[[0;32m  OK  [0m] Listening on /dev/initctl Compat[   16.201531] iscsi: registered transport (iser)
ibility Named Pipe.
[[0;32m  OK  [0m] Listening on Journal Socket (/dev/log).
         Starting Journal Service...
[[0;32m  OK  [0m] Listening on Network Service Netlink Socket.
         Mounting Huge Pages File System...
         Mounting Kernel Debug File System...
[[0;32m  OK  [0m] Reached target Slices.
[[0;32m  OK  [0m] Started Journal Service.
[[0;32m  OK  [0m] Started Uncomplicated firewall.
[[0;32m  OK  [0m] Started Remount Root and Kernel File Systems.
[[0;32m  OK  [0m] Started Create list of required staâ€¦vice nodes for the current kernel.
[[0;32m  OK  [0m] Mounted POSIX Message Queue File System.
[[0;32m  OK  [0m] Started Set the console keyboard layout.
[[0;32m  OK  [0m] Started Load Kernel Modules.
[[0;32m  OK  [0m] Mounted Huge Pages File System.
[[0;32m  OK  [0m] Mounted Kernel Debug File System.
[[0;32m  OK  [0m] Started udev Coldplug all Devices.
[[0;32m  OK  [0m] Started LVM2 metadata daemon.
         Mounting Kernel Configuration File System...
         Starting Apply Kernel Variables...
         Mounting FUSE Control File System...
         Starting Create Static Device Nodes in /dev...
         Starting Load/Save Random Seed...
         Starting Flush Journal to Persistent Storage...
[[0;32m  OK  [0m] Started Monitoring of LVM2 mirrors,â€¦sing dmeventd or progress polling.
[[0;32m  OK  [0m] Mounted Kernel Configuration File System.
[[0;32m  OK  [0m] Started Apply Kernel Variables.
[[0;32m  OK  [0m] Mounted FUSE Control File System.
[[0;32m  OK  [0m] Started Create Static Device Nodes in /dev.
[[0;32m  OK  [0m] Started Load/Save Random Seed.
         Starting udev Kernel Device Manager...
[[0;32m  OK  [0m] Reached target Local File Systems (Pre).
[[0;32m  OK  [0m] Reached target Local File Systems.
         Starting Tell Plymouth To Write Out Runtime Data...
         Starting AppArmor initialization...
         Starting Set console font and keymap...
         Starting ebtables ruleset management...
[[0;32m  OK  [0m] Started udev Kernel Device Manager.
[[0;32m  OK  [0m] Started Tell Plymouth To Write Out Runtime Data.
[[0;32m  OK  [0m] Started Set console font and keymap.
[[0;32m  OK  [0m] Found device /dev/ttyS0.
[[0;32m  OK  [0m] Started Dispatch Password Requests to Console Directory Watch.
[[0;32m  OK  [0m] Reached target Local Encrypted Volumes.
[[0;32m  OK  [0m] Started Flush Journal to Persistent Storage.
[[0;32m  OK  [0m] Listening on Load/Save RF Kill Switch Status /dev/rfkill Watch.
         Starting Create Volatile Files and Directories...
[[0;32m  OK  [0m] Started Create Volatile Files and Directories.
[[0;32m  OK  [0m] Started ebtables ruleset management.
         Starting Update UTMP about System Boot/Shutdown...
[[0;32m  OK  [0m] Started Update UTMP about System Boot/Shutdown.
[[0;32m  OK  [0m] Started AppArmor initialization.
         Starting Initial cloud-init job (pre-networking)...
[   20.010976] cloud-init[577]: Cloud-init v. 19.4-33-gbb4131a2-0ubuntu1~18.04.1 running 'init-local' at Sat, 06 Jun 2020 17:25:08 +0000. Up 19.81 seconds.
[[0;32m  OK  [0m] Started Initial cloud-init job (pre-networking).
[[0;32m  OK  [0m] Reached target Network (Pre).
         Starting Network Service...
[[0;32m  OK  [0m] Started Network Service.
         Starting Wait for Network to be Configured...
         Starting Network Name Resolution...
[[0;32m  OK  [0m] Started Network Name Resolution.
[[0;32m  OK  [0m] Reached target Host and Network Name Lookups.
[[0;32m  OK  [0m] Reached target Network.
[[0;32m  OK  [0m] Started Wait for Network to be Configured.
         Starting Initial cloud-init job (metadata service crawler)...
[   21.986501] cloud-init[728]: Cloud-init v. 19.4-33-gbb4131a2-0ubuntu1~18.04.1 running 'init' at Sat, 06 Jun 2020 17:25:10 +0000. Up 21.89 seconds.
[   22.072126] cloud-init[728]: ci-info: ++++++++++++++++++++++++++++++++++++++Net device info+++++++++++++++++++++++++++++++++++++++
[   22.160259] cloud-init[728]: ci-info: +--------+------+-----------------------------+---------------+--------+-------------------+
[   22.228124] cloud-init[728]: ci-info: | Device |  Up  |           Address           |      Mask     | Scope  |     Hw-Address    |
[[0;32m  OK  [0m] Started Initial cloud-init job (metadata service crawler).
[[0;32m  OK  [0m] Reached target Cloud-config availability.
[[0;32m  OK  [0m] Reached target System Initialization.
[[0;32m  OK  [0m] Listening on Open-iSCSI iscsid Socket.
[   22.331840] cloud-init[728]: ci-info: +--------+------+-----------------------------+---------------+--------+-------------------+
[   22.604194] cloud-init[728]: ci-info: | enp0s3 | True |          10.0.2.15          | 255.255.255.0 | global | 02:bb:7d:e8:e9:23 |
[   22.680184] cloud-init[728]: ci-info: | enp0s3 | True |  fe80::bb:7dff:fee8:e923/64 |       .       |  link  | 02:bb:7d:e8:e9:23 |
[   22.784221] cloud-init[728]: ci-info: | enp0s8 | True |         50.50.50.50         | 255.255.255.0 | global | 08:00:27:f2:5b:4f |
[[0;32m  OK  [0m] Started Daily Cleanup of Temporary Directories.
[[0;32m  OK  [0m] Listening on D-Bus System Message Bus Socket.
[   22.826981] cloud-init[728]: ci-info: | enp0s8 | True | fe80::a00:27ff:fef2:5b4f/64 |       .       |  link  | 08:00:27:f2:5b:4f |
         Starting LXD - unix socket.
[   23.023386] cloud-init[728]: ci-info: |   lo   | True |          127.0.0.1          |   255.0.0.0   |  host  |         .         |
[   23.148259] cloud-init[728]: ci-info: |   lo   | True |           ::1/128           |       .       |  host  |         .         |
[   23.244226] cloud-init[728]: ci-info: +--------+------+-----------------------------+---------------+--------+-------------------+
[   23.333099] cloud-init[728]: ci-info: ++++++++++++++++++++++++++++Route IPv4 info+++++++++++++++++++++++++++++
[[0;32m  OK  [0m] Started Message of the Day.
[[0;32m  OK  [0m] Started Daily apt download activities.
[[0;32m  OK  [0m] Started Daily apt upgrade and clean activities.
[   23.410031] cloud-init[728]: ci-info: +-------+-------------+----------+-----------------+-----------+-------+
[   23.481350] cloud-init[728]: ci-info: | Route | Destination | Gateway  |     Genmask     | Interface | Flags |
[   23.548340] cloud-init[728]: ci-info: +-------+-------------+----------+-----------------+-----------+-------+
[   23.582055] [[0;32m  OK  [0m] Started Clean PHP session files every 30 mins.
[[0;32m  OK  [0m] Started Discard unused blocks once a week.
[[0;32m  OK  [0m] Reached target Timers.
         Starting Socket activation for snappy daemon.
[[0;32m  OK  [0m] Listening on UUID daemon activation socket.
[[0;32m  OK  [0m] Listening on ACPID Listen Socket.
cloud-init[728]: ci-info: |   0   |   0.0.0.0   | 10.0.2.2 |     0.0.0.0     |   enp0s3  |   UG  |
[[0;32m  OK  [0m] Started ACPI Events Check.
[[0;32m  OK  [0m] Reached target Paths.
[[0;32m  OK  [0m] Reached target Network is Online.
[   23.853837] cloud-init[728]: ci-info: |   1   |   10.0.2.0  | 0.0.0.0  |  255.255.255.0  |   enp0s3  |   U   |
         Starting Availability of block devices...
[[0;32m  OK  [0m] Reached target Remote File Systems (Pre).
[[0;32m  OK  [0m] Reached target Remote File Systems.
[[0;32m  OK  [0m] Listening on LXD - unix socket.
[[0;32m  OK  [0m] Listening on Socket activation for snappy daemon.
[   23.994443] cloud-init[728]: ci-info: |   2   |   10.0.2.2  | 0.0.0.0  | 255.255.255.255 |   enp0s3  |   UH  |
[   24.133105] cloud-init[728]: ci-info: |   3   |  50.50.50.0 | 0.0.0.0  |  255.255.255.0  |   enp0s8  |   U   |
[   24.135329] cloud-init[728]: ci-info: +-------+-------------+----------+-----------------+-----------+-------+
[[0;32m  OK  [0m] Started Availability of block devices.
[[0;32m  OK  [0m] Reached target Sockets.
[   24.150006] cloud-init[728]: ci-info: +++++++++++++++++++Route IPv6 info+++++++++++++++++++
[   24.279562] cloud-init[728]: ci-info: +-------+-------------+---------+-----------+-------+
[   24.348520] cloud-init[728]: ci-info: | Route | Destination | Gateway | Interface | Flags |
[[0;32m  OK  [0m] Reached target Basic System.
[   24.349527] [[0;32m  OK  [0m] Started irqbalance daemon.
         Starting Accounts Service...
         Starting Virtualbox guest utils...
cloud-init[728]: ci-info: +-------+-------------+---------+-----------+-------+
         Starting The PHP 7.3 FastCGI Process Manager...
         Starting System Logging Service...
         Starting Clean php session files...
         Starting LSB: Record successful boot for GRUB...
         Starting Permit User Sessions...
[   24.425902] cloud-init[728]: ci-info: |   1   |  fe80::/64  |    ::   |   enp0s3  |   U   |
         Starting Dispatcher daemon for systemd-networkd...
         Starting MySQL Community Server...
         Starting A high performance web server and a reverse proxy server...
[[0;32m  OK  [0m] Started FUSE filesystem for LXC.
         Starting Login Service...
         Starting Message of the Day...
[   24.652816] cloud-init[728]: ci-info: |   2   |  fe80::/64  |    ::   |   enp0s8  |   U   |
[   24.893597] cloud-init[728]: ci-info: |   4   |    local    |    ::   |   enp0s3  |   U   |
[[0;32m  OK  [0m] Started Regular background program processing daemon.
[   24.937417] cloud-init[728]: ci-info: |   5   |    local    |    ::   |   enp0s8  |   U   |
[   25.067645] cloud-init[728]: ci-info: |   6   |   ff00::/8  |    ::   |   enp0s3  |   U   |
[   25.122122] cloud-init[728]: ci-info: |   7   |   ff00::/8  |    ::   |   enp0s8  |   U   |
         Starting LXD - container startup/shutdown...
         Starting LSB: automatic crash report generation...
[   25.179389] cloud-init[728]: ci-info: +-------+-------------+---------+-----------+-------+
         Starting Snappy daemon...
[[0;32m  OK  [0m] Started D-Bus System Message Bus.
[[0;32m  OK  [0m] Started Login Service.
[[0;32m  OK  [0m] Started Unattended Upgrades Shutdown.
         Starting Advanced key-value store...
[[0;32m  OK  [0m] Started Deferred execution scheduler.
         Starting OpenBSD Secure Shell server...
[[0;32m  OK  [0m] Started System Logging Service.
[[0;32m  OK  [0m] Started Dispatcher daemon for systemd-networkd.
[[0;32m  OK  [0m] Started Permit User Sessions.
[[0;32m  OK  [0m] Started A high performance web server and a reverse proxy server.
         Starting Authorization Manager...
         Starting Hold until boot process finishes up...
         Starting Terminate Plymouth Boot Screen...
[[0;32m  OK  [0m] Started Hold until boot process finishes up.
[[0;32m  OK  [0m] Started Terminate Plymouth Boot Screen.
[[0;32m  OK  [0m] Started Advanced key-value store.
         Starting Set console scheme...
[[0;32m  OK  [0m] Started Serial Getty on ttyS0.
[[0;32m  OK  [0m] Started LSB: automatic crash report generation.
[[0;32m  OK  [0m] Started Set console scheme.
[[0;32m  OK  [0m] Created slice system-getty.slice.
[[0;32m  OK  [0m] Started Getty on tty1.
[[0;32m  OK  [0m] Reached target Login Prompts.
[[0;32m  OK  [0m] Started OpenBSD Secure Shell server.
[[0;32m  OK  [0m] Started LSB: Record successful boot for GRUB.
[[0;32m  OK  [0m] Started Authorization Manager.
[[0;32m  OK  [0m] Started Accounts Service.
[[0;32m  OK  [0m] Started Virtualbox guest utils.
[[0;32m  OK  [0m] Created slice User Slice of vagrant.
         Starting User Manager for UID 1000...
[[0;32m  OK  [0m] Started Session 1 of user vagrant.
[[0;32m  OK  [0m] Started LXD - container startup/shutdown.
[[0;32m  OK  [0m] Started User Manager for UID 1000.
[[0;32m  OK  [0m] Started Snappy daemon.
         Starting Wait until snapd is fully seeded...
[[0;32m  OK  [0m] Started Wait until snapd is fully seeded.
         Starting Apply the settings specified in cloud-config...
[   31.061742] cloud-init[1596]: Cloud-init v. 19.4-33-gbb4131a2-0ubuntu1~18.04.1 running 'modules:config' at Sat, 06 Jun 2020 17:25:19 +0000. Up 30.73 seconds.
[[0;32m  OK  [0m] Started Apply the settings specified in cloud-config.

Ubuntu 18.04.4 LTS audi ttyS0

audi login: [   34.489645] cloud-init[1880]: Cloud-init v. 19.4-33-gbb4131a2-0ubuntu1~18.04.1 running 'modules:final' at Sat, 06 Jun 2020 17:25:22 +0000. Up 34.32 seconds.
[   34.489845] cloud-init[1880]: Cloud-init v. 19.4-33-gbb4131a2-0ubuntu1~18.04.1 finished at Sat, 06 Jun 2020 17:25:23 +0000. Datasource DataSourceNoCloud [seed=/dev/sdb][dsmode=net].  Up 34.48 seconds
